2026-9-24 16:32:4  Application started
2026-9-24 16:32:4  Renderer initialized
2026-9-24 16:32:4  Saved progress loaded
2026-9-24 16:32:5  Simulation fell behind; accumulated time dropped
2026-9-24 16:32:6  Application started
2026-9-24 16:32:6  Application started
2026-9-24 16:32:6  Renderer initialized
2026-9-24 16:32:6  Renderer initialized
2026-9-24 16:32:6  Smoke render completed
2026-9-24 16:32:6  Application stopped
2026-9-24 16:32:7  Smoke render completed
2026-9-24 16:32:7  Application stopped
2026-9-24 16:32:13  Application stopped
2026-9-24 16:32:15  Application started
2026-9-24 16:32:15  Renderer initialized
2026-9-24 16:32:15  Saved progress loaded
2026-9-24 16:32:24  Application stopped
2026-9-24 16:36:11  Application started
2026-9-24 16:36:11  Renderer initialized
2026-9-24 16:36:12  Smoke render completed
2026-9-24 16:36:12  Application stopped
2026-9-24 16:37:3  Application started
2026-9-24 16:37:4  Renderer initialized
2026-9-24 16:37:4  Smoke render completed
2026-9-24 16:37:4  Application stopped
2026-9-24 16:37:4  Application started
2026-9-24 16:37:5  Renderer initialized
2026-9-24 16:37:5  Smoke render completed
2026-9-24 16:37:5  Application stopped
2026-9-24 16:39:34  Application started
2026-9-24 16:39:34  Renderer initialized
2026-9-24 16:39:35  Saved progress loaded
2026-9-24 16:39:35  Simulation fell behind; accumulated time dropped
2026-9-24 16:39:54  Application stopped
2026-9-24 16:41:54  Application started
2026-9-24 16:41:54  Application started
2026-9-24 16:41:54  Renderer initialized
2026-9-24 16:41:54  Renderer initialized
2026-9-24 16:41:55  Smoke render completed
2026-9-24 16:41:55  Application stopped
2026-9-24 16:41:55  Smoke render completed
2026-9-24 16:41:55  Application stopped
2026-9-24 16:43:27  Application started
2026-9-24 16:43:28  Renderer initialized
2026-9-24 16:43:28  Saved progress loaded
2026-9-24 16:44:13  Application stopped
2026-9-24 16:45:26  Application started
2026-9-24 16:45:26  Renderer initialized
2026-9-24 16:45:26  XAudio2 initialization failed; continuing without audio
2026-9-24 16:45:26  Smoke render completed
2026-9-24 16:45:26  Application stopped
2026-9-24 16:47:52  Application started
2026-9-24 16:47:52  Renderer initialized
2026-9-24 16:47:52  Smoke render completed
2026-9-24 16:47:52  Application stopped
2026-9-24 16:55:19  Application started
2026-9-24 16:55:19  Renderer initialized
2026-9-24 16:55:19  Saved progress loaded
2026-9-24 16:56:47  Application stopped
2026-9-24 17:4:47  Application started
2026-9-24 17:4:47  Renderer initialized
2026-9-24 17:4:48  Saved progress loaded
2026-9-24 17:7:27  Application started
2026-9-24 17:7:31  Renderer initialized
2026-9-24 17:7:32  Saved progress loaded
2026-9-24 17:7:33  Simulation fell behind; accumulated time dropped
2026-9-24 17:7:41  Application stopped
2026-9-24 17:9:56  Application stopped
2026-9-24 17:10:22  Application started
2026-9-24 17:10:22  Renderer initialized
2026-9-24 17:10:23  Smoke render completed
2026-9-24 17:10:23  Application stopped
2026-9-24 17:10:23  Application started
2026-9-24 17:10:23  Renderer initialized
2026-9-24 17:10:23  Smoke render completed
2026-9-24 17:10:23  Application stopped
2026-9-24 17:12:18  Application started
2026-9-24 17:12:19  Renderer initialized
2026-9-24 17:12:19  Saved progress loaded
2026-9-24 17:12:24  Application stopped
2026-9-24 17:13:0  Application started
2026-9-24 17:13:1  Renderer initialized
2026-9-24 17:13:1  Smoke render completed
2026-9-24 17:13:1  Application stopped
2026-9-24 17:20:54  Application started
2026-9-24 17:20:54  Renderer initialized
2026-9-24 17:20:55  Smoke render completed
2026-9-24 17:20:55  Application stopped
2026-9-24 17:21:15  Application started
2026-9-24 17:21:16  Renderer initialized
2026-9-24 17:21:16  Smoke render completed
2026-9-24 17:21:16  Application stopped
2026-9-24 17:23:32  Application started
2026-9-24 17:23:32  Renderer initialized
2026-9-24 17:23:32  Saved progress loaded
2026-9-24 17:24:35  Application stopped
2026-9-24 17:36:31  Application started
2026-9-24 17:36:32  Renderer initialized
2026-9-24 17:36:32  Saved progress loaded
2026-9-24 17:36:57  Application stopped
2026-9-24 17:37:39  Application started
2026-9-24 17:37:39  Renderer initialized
2026-9-24 17:37:39  Saved progress loaded
2026-9-24 17:39:16  Application stopped
2026-9-24 17:40:6  Application started
2026-9-24 17:40:7  Renderer initialized
2026-9-24 17:40:7  Saved progress loaded
2026-9-24 17:40:8  Simulation fell behind; accumulated time dropped
2026-9-24 17:40:18  Application stopped
2026-9-24 17:42:32  Application started
2026-9-24 17:42:33  Renderer initialized
2026-9-24 17:42:33  Saved progress loaded
2026-9-24 17:42:37  Application stopped
